src/components/layout/MainLayout/Header.tsx(56,59): error TS6133: 'sidebarCollapsed' is declared but its value is never read.
src/components/layout/SuperAdminLayout/Sidebar.tsx(13,5): error TS6133: 'Avatar' is declared but its value is never read.
src/components/layout/SuperAdminLayout/Sidebar.tsx(20,19): error TS6133: 'GlobalIcon' is declared but its value is never read.
src/components/layout/SuperAdminLayout/Sidebar.tsx(50,11): error TS6133: 'user' is declared but its value is never read.
src/components/layout/SuperAdminLayout/Sidebar.tsx(51,11): error TS6133: 'theme' is declared but its value is never read.
src/components/layout/SuperAdminLayout/Sidebar.tsx(66,29): error TS2345: Argument of type '{}' is not assignable to parameter of type 'void'.
src/pages/Attendance.tsx(5,69): error TS6133: 'Paper' is declared but its value is never read.
src/pages/Attendance.tsx(117,63): error TS2339: Property 'created' does not exist on type '{ message: string; count: number; }'.
src/pages/Attendance.tsx(117,96): error TS2339: Property 'updated' does not exist on type '{ message: string; count: number; }'.
src/pages/Calendar.tsx(3,41): error TS6133: 'Grid' is declared but its value is never read.
src/pages/Calendar.tsx(6,5): error TS6133: 'Paper' is declared but its value is never read.
src/pages/Calendar.tsx(13,14): error TS6133: 'EventIcon' is declared but its value is never read.
src/pages/Calendar.tsx(31,12): error TS6133: 'selectedDate' is declared but its value is never read.
src/pages/Calendar.tsx(31,26): error TS6133: 'setSelectedDate' is declared but its value is never read.
src/pages/Classes.tsx(33,25): error TS6133: 'isDeleting' is declared but its value is never read.
src/pages/Communication.tsx(8,13): error TS6133: 'Autocomplete' is declared but its value is never read.
src/pages/Communication.tsx(26,14): error TS6133: 'GroupIcon' is declared but its value is never read.
src/pages/Communication.tsx(96,30): error TS6133: 'isSendingBulk' is declared but its value is never read.
src/pages/Dashboard.tsx(22,5): error TS6133: 'IconButton' is declared but its value is never read.
src/pages/Dashboard.tsx(41,18): error TS6133: 'MoreIcon' is declared but its value is never read.
src/pages/Dashboard.tsx(43,16): error TS6133: 'WarningIcon' is declared but its value is never read.
src/pages/Dashboard.tsx(643,85): error TS6133: 'index' is declared but its value is never read.
src/pages/Examinations.tsx(1,27): error TS6133: 'useEffect' is declared but its value is never read.
src/pages/Examinations.tsx(8,31): error TS6133: 'Divider' is declared but its value is never read.
src/pages/Examinations.tsx(20,14): error TS6133: 'CloseIcon' is declared but its value is never read.
src/pages/Examinations.tsx(69,12): error TS6133: 'resultsDialogOpen' is declared but its value is never read.
src/pages/Examinations.tsx(98,12): error TS6133: 'enterResult' is declared but its value is never read.
src/pages/Examinations.tsx(161,37): error TS2345: Argument of type '{ name: string; exam_type: string; subject_name: string; class_name: string; section: string; exam_date: string; max_marks: number; passing_marks: number; duration_minutes: number; academic_year: string; instructions: string; }' is not assignable to parameter of type 'Partial<Examination>'.
  Types of property 'exam_type' are incompatible.
    Type 'string' is not assignable to type '"unit_test" | "midterm" | "final" | "practical" | "assignment" | "quiz" | "oral" | "internal" | "project" | undefined'.
src/pages/Examinations.tsx(192,60): error TS2322: Type '{ name: string; exam_type: string; subject_name: string; class_name: string; section: string; exam_date: string; max_marks: number; passing_marks: number; duration_minutes: number; academic_year: string; instructions: string; }' is not assignable to type 'Partial<Examination>'.
  Types of property 'exam_type' are incompatible.
    Type 'string' is not assignable to type '"unit_test" | "midterm" | "final" | "practical" | "assignment" | "quiz" | "oral" | "internal" | "project" | undefined'.
src/pages/Fees.tsx(7,25): error TS6133: 'ButtonGroup' is declared but its value is never read.
src/pages/Fees.tsx(138,62): error TS6133: 'transactionId' is declared but its value is never read.
src/pages/Login.tsx(68,25): error TS2353: Object literal may only specify known properties, and 'refreshToken' does not exist in type '{ user: User; accessToken: string; roles: string[]; permissions: string[]; roleLevel: number; restrictedModules?: string[] | undefined; allowedModules?: string[] | undefined; }'.
src/pages/Login.tsx(68,46): error TS2339: Property 'refresh_token' does not exist on type 'LoginResponse'.
src/pages/ParentDashboard.tsx(10,15): error TS6133: 'SchoolIcon' is declared but its value is never read.
src/pages/ParentDashboard.tsx(16,16): error TS6133: 'WarningIcon' is declared but its value is never read.
src/pages/ParentDashboard.tsx(204,87): error TS18048: 'attendance.percentage' is possibly 'undefined'.
src/pages/ParentDashboard.tsx(210,48): error TS18048: 'attendance.percentage' is possibly 'undefined'.
src/pages/Payments.tsx(45,18): error TS6133: 'setPage' is declared but its value is never read.
src/pages/Payments.tsx(116,17): error TS2322: Type 'string' is not assignable to type '"razorpay" | "stripe" | "paytm" | "phonepe" | "offline" | undefined'.
src/pages/Profile.tsx(4,49): error TS6133: 'Alert' is declared but its value is never read.
src/pages/Profile.tsx(4,56): error TS6133: 'Snackbar' is declared but its value is never read.
src/pages/Profile.tsx(50,30): error TS2345: Argument of type 'import("D:/Shivakriti/education/frontend/src/store/api/userApi").User' is not assignable to parameter of type 'import("D:/Shivakriti/education/frontend/src/types/index").User'.
  Property 'full_name' is missing in type 'import("D:/Shivakriti/education/frontend/src/store/api/userApi").User' but required in type 'import("D:/Shivakriti/education/frontend/src/types/index").User'.
src/pages/Reports.tsx(9,34): error TS6133: 'Divider' is declared but its value is never read.
src/pages/Reports.tsx(653,73): error TS7006: Parameter 'field' implicitly has an 'any' type.
src/pages/Roles.tsx(1,27): error TS6133: 'useEffect' is declared but its value is never read.
src/pages/Roles.tsx(5,58): error TS6133: 'FormGroup' is declared but its value is never read.
src/pages/Roles.tsx(6,5): error TS6133: 'Tooltip' is declared but its value is never read.
src/pages/Roles.tsx(14,20): error TS6133: 'CheckCircleIcon' is declared but its value is never read.
src/pages/Settings.tsx(3,69): error TS6133: 'FormControlLabel' is declared but its value is never read.
src/pages/Settings.tsx(5,50): error TS6133: 'IconButton' is declared but its value is never read.
src/pages/Settings.tsx(6,56): error TS6133: 'List' is declared but its value is never read.
src/pages/Settings.tsx(6,62): error TS6133: 'ListItem' is declared but its value is never read.
src/pages/Settings.tsx(6,72): error TS6133: 'ListItemIcon' is declared but its value is never read.
src/pages/Settings.tsx(7,5): error TS6133: 'ListItemText' is declared but its value is never read.
src/pages/Settings.tsx(7,19): error TS6133: 'LinearProgress' is declared but its value is never read.
src/pages/Settings.tsx(23,20): error TS6133: 'CheckIcon' is declared but its value is never read.
src/pages/Settings.tsx(26,13): error TS6133: 'InfoIcon' is declared but its value is never read.
src/pages/Settings.tsx(62,12): error TS6133: 'exportDialogOpen' is declared but its value is never read.
src/pages/Settings.tsx(134,50): error TS2345: Argument of type 'boolean | null' is not assignable to parameter of type 'boolean'.
  Type 'null' is not assignable to type 'boolean'.
src/pages/Staff.tsx(3,28): error TS6133: 'CardContent' is declared but its value is never read.
src/pages/Staff.tsx(7,23): error TS6133: 'Paper' is declared but its value is never read.
src/pages/Staff.tsx(12,19): error TS6133: 'FilterIcon' is declared but its value is never read.
src/pages/Staff.tsx(16,15): error TS6133: 'PersonIcon' is declared but its value is never read.
src/pages/Students.tsx(6,48): error TS6133: 'Divider' is declared but its value is never read.
src/pages/Students.tsx(12,19): error TS6133: 'FilterIcon' is declared but its value is never read.
src/pages/Transport.tsx(8,38): error TS6133: 'Autocomplete' is declared but its value is never read.
src/pages/Transport.tsx(33,5): error TS6133: 'TransportRoute' is declared but its value is never read.
src/pages/Transport.tsx(65,67): error TS2561: Object literal may only specify known properties, but 'page_size' does not exist in type '{ page?: number | undefined; pageSize?: number | undefined; search?: string | undefined; status?: string | undefined; course?: string | undefined; class_id?: string | undefined; }'. Did you mean to write 'pageSize'?
src/pages/Transport.tsx(217,33): error TS6133: 'type' is declared but its value is never read.
src/pages/Users.tsx(3,28): error TS6133: 'CardContent' is declared but its value is never read.
src/pages/Users.tsx(11,19): error TS6133: 'FilterIcon' is declared but its value is never read.
src/store/api/academicApi.ts(12,28): error TS6133: 'result' is declared but its value is never read.
src/store/api/academicApi.ts(12,36): error TS6133: 'error' is declared but its value is never read.
src/store/api/examinationApi.ts(171,28): error TS2322: Type '"Examination"' is not assignable to type 'TagDescription<"User" | "Users" | "Tenant" | "Roles" | "Permissions" | "Modules" | "Academic" | "Student" | "Staff" | "Settings"> | null | undefined'.
src/store/api/examinationApi.ts(179,31): error TS2322: Type '"Examination"' is not assignable to type 'TagDescription<"User" | "Users" | "Tenant" | "Roles" | "Permissions" | "Modules" | "Academic" | "Student" | "Staff" | "Settings"> | null | undefined'.
src/store/api/examinationApi.ts(194,28): error TS2322: Type '"Examination"' is not assignable to type 'TagDescription<"User" | "Users" | "Tenant" | "Roles" | "Permissions" | "Modules" | "Academic" | "Student" | "Staff" | "Settings"> | null | undefined'.
src/store/api/examinationApi.ts(198,28): error TS2322: Type '"Examination"' is not assignable to type 'TagDescription<"User" | "Users" | "Tenant" | "Roles" | "Permissions" | "Modules" | "Academic" | "Student" | "Staff" | "Settings"> | null | undefined'.
src/store/api/examinationApi.ts(206,31): error TS2322: Type '"Examination"' is not assignable to type 'TagDescription<"User" | "Users" | "Tenant" | "Roles" | "Permissions" | "Modules" | "Academic" | "Student" | "Staff" | "Settings"> | null | undefined'.
src/store/api/examinationApi.ts(214,31): error TS2322: Type '"Examination"' is not assignable to type 'TagDescription<"User" | "Users" | "Tenant" | "Roles" | "Permissions" | "Modules" | "Academic" | "Student" | "Staff" | "Settings"> | null | undefined'.
src/store/api/examinationApi.ts(221,31): error TS2322: Type '"Examination"' is not assignable to type 'TagDescription<"User" | "Users" | "Tenant" | "Roles" | "Permissions" | "Modules" | "Academic" | "Student" | "Staff" | "Settings"> | null | undefined'.
src/store/api/examinationApi.ts(228,31): error TS2322: Type '"Examination"' is not assignable to type 'TagDescription<"User" | "Users" | "Tenant" | "Roles" | "Permissions" | "Modules" | "Academic" | "Student" | "Staff" | "Settings"> | null | undefined'.
src/store/api/examinationApi.ts(234,28): error TS2322: Type '"Examination"' is not assignable to type 'TagDescription<"User" | "Users" | "Tenant" | "Roles" | "Permissions" | "Modules" | "Academic" | "Student" | "Staff" | "Settings"> | null | undefined'.
src/store/api/examinationApi.ts(242,31): error TS2322: Type '"Examination"' is not assignable to type 'TagDescription<"User" | "Users" | "Tenant" | "Roles" | "Permissions" | "Modules" | "Academic" | "Student" | "Staff" | "Settings"> | null | undefined'.
src/store/api/examinationApi.ts(250,31): error TS2322: Type '"Examination"' is not assignable to type 'TagDescription<"User" | "Users" | "Tenant" | "Roles" | "Permissions" | "Modules" | "Academic" | "Student" | "Staff" | "Settings"> | null | undefined'.
